# serializer version: 1
# name: test_extract_findings
  list([
    dict({
      'code_snippet': "password = 'hunter2'",
      'column': 5,
      'file': 'src/app.py',
      'id': 3,
      'kind': 'fail',
      'level': 'error',
      'line': 12,
      'message': "Possible hardcoded password: 'hunter2'",
      'rule_id': 'B105',
      'scanner': 'bandit',
      'severity': 'high',
      'suppressed': False,
    }),
    dict({
      'column': None,
      'file': 'infra/bucket.yaml',
      'id': 0,
      'kind': 'fail',
      'level': 'warning',
      'line': 3,
      'message': 'Ensure the S3 bucket has access logging enabled',
      'rule_id': 'CKV_AWS_18',
      'scanner': 'checkov',
      'severity': 'medium',
      'suppressed': True,
      'suppression_reason': 'Access logs go to a central account',
    }),
    dict({
      'file': 'web/index.js',
      'id': -1,
      'kind': 'fail',
      'level': 'note',
      'message': 'Avoid eval() on user input',
      'rule_id': 'javascript.lang.security.audit.unsafe-eval',
      'scanner': 'semgrep',
      'severity': 'low',
      'suppressed': False,
    }),
    dict({
      'id': -1,
      'kind': 'fail',
      'level': 'none',
      'message': 'Package left-pad 1.0.0 has a known advisory',
      'rule_id': 'GHSA-0000-fixture',
      'scanner': 'unknown',
      'severity': 'info',
      'suppressed': False,
    }),
  ])
# ---
